Geometries in cache: 2
Geometry cache size in bytes: 6649648
CGAL Polyhedrons in cache: 0
CGAL cache size in bytes: 0
Total rendering time: 0:00:28.581
   Top level object is a 3D object:
   Simple:        yes
   Vertices:    45307
   Halfedges:  270374
   Edges:      135187
   Halffacets: 179764
   Facets:      89882
   Volumes:         2
	Command being timed: "openscad -o Camera_Right_Grip_HOLLOW_V2_98mm.stl grip_hollow_v2.scad"
	User time (seconds): 27.51
	System time (seconds): 3.83
	Percent of CPU this job got: 99%
	Elapsed (wall clock) time (h:mm:ss or m:ss): 0:31.36
	Average shared text size (kbytes): 0
	Average unshared data size (kbytes): 0
	Average stack size (kbytes): 0
	Average total size (kbytes): 0
	Maximum resident set size (kbytes): 1118268
	Average resident set size (kbytes): 0
	Major (requiring I/O) page faults: 0
	Minor (reclaiming a frame) page faults: 429748
	Voluntary context switches: 1
	Involuntary context switches: 160
	Swaps: 0
	File system inputs: 0
	File system outputs: 34552
	Socket messages sent: 0
	Socket messages received: 0
	Signals delivered: 0
	Page size (bytes): 4096
	Exit status: 0
